============================= test session starts ==============================
platform linux -- Python 3.13.7, pytest-9.0.2, pluggy-1.6.0 -- /usr/bin/python3
cachedir: .pytest_cache
django: version: 4.2.28, settings: config.settings (from ini)
rootdir: /home/ange/Projects/portable-inventory/backend
configfile: pytest.ini
plugins: django-4.12.0, typeguard-4.4.2
collecting ... collected 5 items

inventory/tests/test_widget_fixes.py::TestCounterEngine::test_step_value PASSED [ 20%]
inventory/tests/test_widget_fixes.py::TestProductWidgetViewSet::test_list_location_filtering FAILED [ 40%]
inventory/tests/test_widget_fixes.py::TestProductWidgetViewSet::test_list_location_filtering_zero_stock FAILED [ 60%]
inventory/tests/test_widget_fixes.py::TestProductWidgetViewSet::test_transaction_serialized_fifo_fallback FAILED [ 80%]
inventory/tests/test_widget_fixes.py::TestProductWidgetViewSet::test_transaction_serialized_logic FAILED [100%]

=================================== FAILURES ===================================
____________ TestProductWidgetViewSet.test_list_location_filtering _____________
../../../.local/lib/python3.13/site-packages/django/db/backends/utils.py:89: in _execute
    return self.cursor.execute(sql, params)
           ^^^^^^^^^^^^^^^^^^^^^^^^^^^^^^^^
../../../.local/lib/python3.13/site-packages/django/db/backends/sqlite3/base.py:328: in execute
    return super().execute(query, params)
           ^^^^^^^^^^^^^^^^^^^^^^^^^^^^^^
E   sqlite3.IntegrityError: UNIQUE constraint failed: core_company.license_id

The above exception was the direct cause of the following exception:
inventory/tests/test_widget_fixes.py:26: in setUp
    self.company = Company.objects.create(name=f"Test Co {uuid.uuid4()}", license=self.license)
                   ^^^^^^^^^^^^^^^^^^^^^^^^^^^^^^^^^^^^^^^^^^^^^^^^^^^^^^^^^^^^^^^^^^^^^^^^^^^^
../../../.local/lib/python3.13/site-packages/django/db/models/manager.py:87: in manager_method
    return getattr(self.get_queryset(), name)(*args, **kwargs)
           ^^^^^^^^^^^^^^^^^^^^^^^^^^^^^^^^^^^^^^^^^^^^^^^^^^^
../../../.local/lib/python3.13/site-packages/django/db/models/query.py:660: in create
    obj.save(force_insert=True, using=self.db)
../../../.local/lib/python3.13/site-packages/django/db/models/base.py:814: in save
    self.save_base(
../../../.local/lib/python3.13/site-packages/django/db/models/base.py:877: in save_base
    updated = self._save_table(
../../../.local/lib/python3.13/site-packages/django/db/models/base.py:1020: in _save_table
    results = self._do_insert(
../../../.local/lib/python3.13/site-packages/django/db/models/base.py:1061: in _do_insert
    return manager._insert(
../../../.local/lib/python3.13/site-packages/django/db/models/manager.py:87: in manager_method
    return getattr(self.get_queryset(), name)(*args, **kwargs)
           ^^^^^^^^^^^^^^^^^^^^^^^^^^^^^^^^^^^^^^^^^^^^^^^^^^^
../../../.local/lib/python3.13/site-packages/django/db/models/query.py:1810: in _insert
    return query.get_compiler(using=using).execute_sql(returning_fields)
           ^^^^^^^^^^^^^^^^^^^^^^^^^^^^^^^^^^^^^^^^^^^^^^^^^^^^^^^^^^^^^
../../../.local/lib/python3.13/site-packages/django/db/models/sql/compiler.py:1822: in execute_sql
    cursor.execute(sql, params)
../../../.local/lib/python3.13/site-packages/django/db/backends/utils.py:67: in execute
    return self._execute_with_wrappers(
../../../.local/lib/python3.13/site-packages/django/db/backends/utils.py:80: in _execute_with_wrappers
    return executor(sql, params, many, context)
           ^^^^^^^^^^^^^^^^^^^^^^^^^^^^^^^^^^^^
../../../.local/lib/python3.13/site-packages/django/db/backends/utils.py:84: in _execute
    with self.db.wrap_database_errors:
         ^^^^^^^^^^^^^^^^^^^^^^^^^^^^
../../../.local/lib/python3.13/site-packages/django/db/utils.py:91: in __exit__
    raise dj_exc_value.with_traceback(traceback) from exc_value
../../../.local/lib/python3.13/site-packages/django/db/backends/utils.py:89: in _execute
    return self.cursor.execute(sql, params)
           ^^^^^^^^^^^^^^^^^^^^^^^^^^^^^^^^
../../../.local/lib/python3.13/site-packages/django/db/backends/sqlite3/base.py:328: in execute
    return super().execute(query, params)
           ^^^^^^^^^^^^^^^^^^^^^^^^^^^^^^
E   django.db.utils.IntegrityError: UNIQUE constraint failed: core_company.license_id
_______ TestProductWidgetViewSet.test_list_location_filtering_zero_stock _______
../../../.local/lib/python3.13/site-packages/django/db/backends/utils.py:89: in _execute
    return self.cursor.execute(sql, params)
           ^^^^^^^^^^^^^^^^^^^^^^^^^^^^^^^^
../../../.local/lib/python3.13/site-packages/django/db/backends/sqlite3/base.py:328: in execute
    return super().execute(query, params)
           ^^^^^^^^^^^^^^^^^^^^^^^^^^^^^^
E   sqlite3.IntegrityError: UNIQUE constraint failed: core_company.license_id

The above exception was the direct cause of the following exception:
inventory/tests/test_widget_fixes.py:26: in setUp
    self.company = Company.objects.create(name=f"Test Co {uuid.uuid4()}", license=self.license)
                   ^^^^^^^^^^^^^^^^^^^^^^^^^^^^^^^^^^^^^^^^^^^^^^^^^^^^^^^^^^^^^^^^^^^^^^^^^^^^
../../../.local/lib/python3.13/site-packages/django/db/models/manager.py:87: in manager_method
    return getattr(self.get_queryset(), name)(*args, **kwargs)
           ^^^^^^^^^^^^^^^^^^^^^^^^^^^^^^^^^^^^^^^^^^^^^^^^^^^
../../../.local/lib/python3.13/site-packages/django/db/models/query.py:660: in create
    obj.save(force_insert=True, using=self.db)
../../../.local/lib/python3.13/site-packages/django/db/models/base.py:814: in save
    self.save_base(
../../../.local/lib/python3.13/site-packages/django/db/models/base.py:877: in save_base
    updated = self._save_table(
../../../.local/lib/python3.13/site-packages/django/db/models/base.py:1020: in _save_table
    results = self._do_insert(
../../../.local/lib/python3.13/site-packages/django/db/models/base.py:1061: in _do_insert
    return manager._insert(
../../../.local/lib/python3.13/site-packages/django/db/models/manager.py:87: in manager_method
    return getattr(self.get_queryset(), name)(*args, **kwargs)
           ^^^^^^^^^^^^^^^^^^^^^^^^^^^^^^^^^^^^^^^^^^^^^^^^^^^
../../../.local/lib/python3.13/site-packages/django/db/models/query.py:1810: in _insert
    return query.get_compiler(using=using).execute_sql(returning_fields)
           ^^^^^^^^^^^^^^^^^^^^^^^^^^^^^^^^^^^^^^^^^^^^^^^^^^^^^^^^^^^^^
../../../.local/lib/python3.13/site-packages/django/db/models/sql/compiler.py:1822: in execute_sql
    cursor.execute(sql, params)
../../../.local/lib/python3.13/site-packages/django/db/backends/utils.py:67: in execute
    return self._execute_with_wrappers(
../../../.local/lib/python3.13/site-packages/django/db/backends/utils.py:80: in _execute_with_wrappers
    return executor(sql, params, many, context)
           ^^^^^^^^^^^^^^^^^^^^^^^^^^^^^^^^^^^^
../../../.local/lib/python3.13/site-packages/django/db/backends/utils.py:84: in _execute
    with self.db.wrap_database_errors:
         ^^^^^^^^^^^^^^^^^^^^^^^^^^^^
../../../.local/lib/python3.13/site-packages/django/db/utils.py:91: in __exit__
    raise dj_exc_value.with_traceback(traceback) from exc_value
../../../.local/lib/python3.13/site-packages/django/db/backends/utils.py:89: in _execute
    return self.cursor.execute(sql, params)
           ^^^^^^^^^^^^^^^^^^^^^^^^^^^^^^^^
../../../.local/lib/python3.13/site-packages/django/db/backends/sqlite3/base.py:328: in execute
    return super().execute(query, params)
           ^^^^^^^^^^^^^^^^^^^^^^^^^^^^^^
E   django.db.utils.IntegrityError: UNIQUE constraint failed: core_company.license_id
______ TestProductWidgetViewSet.test_transaction_serialized_fifo_fallback ______
../../../.local/lib/python3.13/site-packages/django/db/backends/utils.py:89: in _execute
    return self.cursor.execute(sql, params)
           ^^^^^^^^^^^^^^^^^^^^^^^^^^^^^^^^
../../../.local/lib/python3.13/site-packages/django/db/backends/sqlite3/base.py:328: in execute
    return super().execute(query, params)
           ^^^^^^^^^^^^^^^^^^^^^^^^^^^^^^
E   sqlite3.IntegrityError: UNIQUE constraint failed: core_company.license_id

The above exception was the direct cause of the following exception:
inventory/tests/test_widget_fixes.py:26: in setUp
    self.company = Company.objects.create(name=f"Test Co {uuid.uuid4()}", license=self.license)
                   ^^^^^^^^^^^^^^^^^^^^^^^^^^^^^^^^^^^^^^^^^^^^^^^^^^^^^^^^^^^^^^^^^^^^^^^^^^^^
../../../.local/lib/python3.13/site-packages/django/db/models/manager.py:87: in manager_method
    return getattr(self.get_queryset(), name)(*args, **kwargs)
           ^^^^^^^^^^^^^^^^^^^^^^^^^^^^^^^^^^^^^^^^^^^^^^^^^^^
../../../.local/lib/python3.13/site-packages/django/db/models/query.py:660: in create
    obj.save(force_insert=True, using=self.db)
../../../.local/lib/python3.13/site-packages/django/db/models/base.py:814: in save
    self.save_base(
../../../.local/lib/python3.13/site-packages/django/db/models/base.py:877: in save_base
    updated = self._save_table(
../../../.local/lib/python3.13/site-packages/django/db/models/base.py:1020: in _save_table
    results = self._do_insert(
../../../.local/lib/python3.13/site-packages/django/db/models/base.py:1061: in _do_insert
    return manager._insert(
../../../.local/lib/python3.13/site-packages/django/db/models/manager.py:87: in manager_method
    return getattr(self.get_queryset(), name)(*args, **kwargs)
           ^^^^^^^^^^^^^^^^^^^^^^^^^^^^^^^^^^^^^^^^^^^^^^^^^^^
../../../.local/lib/python3.13/site-packages/django/db/models/query.py:1810: in _insert
    return query.get_compiler(using=using).execute_sql(returning_fields)
           ^^^^^^^^^^^^^^^^^^^^^^^^^^^^^^^^^^^^^^^^^^^^^^^^^^^^^^^^^^^^^
../../../.local/lib/python3.13/site-packages/django/db/models/sql/compiler.py:1822: in execute_sql
    cursor.execute(sql, params)
../../../.local/lib/python3.13/site-packages/django/db/backends/utils.py:67: in execute
    return self._execute_with_wrappers(
../../../.local/lib/python3.13/site-packages/django/db/backends/utils.py:80: in _execute_with_wrappers
    return executor(sql, params, many, context)
           ^^^^^^^^^^^^^^^^^^^^^^^^^^^^^^^^^^^^
../../../.local/lib/python3.13/site-packages/django/db/backends/utils.py:84: in _execute
    with self.db.wrap_database_errors:
         ^^^^^^^^^^^^^^^^^^^^^^^^^^^^
../../../.local/lib/python3.13/site-packages/django/db/utils.py:91: in __exit__
    raise dj_exc_value.with_traceback(traceback) from exc_value
../../../.local/lib/python3.13/site-packages/django/db/backends/utils.py:89: in _execute
    return self.cursor.execute(sql, params)
           ^^^^^^^^^^^^^^^^^^^^^^^^^^^^^^^^
../../../.local/lib/python3.13/site-packages/django/db/backends/sqlite3/base.py:328: in execute
    return super().execute(query, params)
           ^^^^^^^^^^^^^^^^^^^^^^^^^^^^^^
E   django.db.utils.IntegrityError: UNIQUE constraint failed: core_company.license_id
__________ TestProductWidgetViewSet.test_transaction_serialized_logic __________
../../../.local/lib/python3.13/site-packages/django/db/backends/utils.py:89: in _execute
    return self.cursor.execute(sql, params)
           ^^^^^^^^^^^^^^^^^^^^^^^^^^^^^^^^
../../../.local/lib/python3.13/site-packages/django/db/backends/sqlite3/base.py:328: in execute
    return super().execute(query, params)
           ^^^^^^^^^^^^^^^^^^^^^^^^^^^^^^
E   sqlite3.IntegrityError: UNIQUE constraint failed: core_company.license_id

The above exception was the direct cause of the following exception:
inventory/tests/test_widget_fixes.py:26: in setUp
    self.company = Company.objects.create(name=f"Test Co {uuid.uuid4()}", license=self.license)
                   ^^^^^^^^^^^^^^^^^^^^^^^^^^^^^^^^^^^^^^^^^^^^^^^^^^^^^^^^^^^^^^^^^^^^^^^^^^^^
../../../.local/lib/python3.13/site-packages/django/db/models/manager.py:87: in manager_method
    return getattr(self.get_queryset(), name)(*args, **kwargs)
           ^^^^^^^^^^^^^^^^^^^^^^^^^^^^^^^^^^^^^^^^^^^^^^^^^^^
../../../.local/lib/python3.13/site-packages/django/db/models/query.py:660: in create
    obj.save(force_insert=True, using=self.db)
../../../.local/lib/python3.13/site-packages/django/db/models/base.py:814: in save
    self.save_base(
../../../.local/lib/python3.13/site-packages/django/db/models/base.py:877: in save_base
    updated = self._save_table(
../../../.local/lib/python3.13/site-packages/django/db/models/base.py:1020: in _save_table
    results = self._do_insert(
../../../.local/lib/python3.13/site-packages/django/db/models/base.py:1061: in _do_insert
    return manager._insert(
../../../.local/lib/python3.13/site-packages/django/db/models/manager.py:87: in manager_method
    return getattr(self.get_queryset(), name)(*args, **kwargs)
           ^^^^^^^^^^^^^^^^^^^^^^^^^^^^^^^^^^^^^^^^^^^^^^^^^^^
../../../.local/lib/python3.13/site-packages/django/db/models/query.py:1810: in _insert
    return query.get_compiler(using=using).execute_sql(returning_fields)
           ^^^^^^^^^^^^^^^^^^^^^^^^^^^^^^^^^^^^^^^^^^^^^^^^^^^^^^^^^^^^^
../../../.local/lib/python3.13/site-packages/django/db/models/sql/compiler.py:1822: in execute_sql
    cursor.execute(sql, params)
../../../.local/lib/python3.13/site-packages/django/db/backends/utils.py:67: in execute
    return self._execute_with_wrappers(
../../../.local/lib/python3.13/site-packages/django/db/backends/utils.py:80: in _execute_with_wrappers
    return executor(sql, params, many, context)
           ^^^^^^^^^^^^^^^^^^^^^^^^^^^^^^^^^^^^
../../../.local/lib/python3.13/site-packages/django/db/backends/utils.py:84: in _execute
    with self.db.wrap_database_errors:
         ^^^^^^^^^^^^^^^^^^^^^^^^^^^^
../../../.local/lib/python3.13/site-packages/django/db/utils.py:91: in __exit__
    raise dj_exc_value.with_traceback(traceback) from exc_value
../../../.local/lib/python3.13/site-packages/django/db/backends/utils.py:89: in _execute
    return self.cursor.execute(sql, params)
           ^^^^^^^^^^^^^^^^^^^^^^^^^^^^^^^^
../../../.local/lib/python3.13/site-packages/django/db/backends/sqlite3/base.py:328: in execute
    return super().execute(query, params)
           ^^^^^^^^^^^^^^^^^^^^^^^^^^^^^^
E   django.db.utils.IntegrityError: UNIQUE constraint failed: core_company.license_id
=============================== warnings summary ===============================
../../../.local/lib/python3.13/site-packages/django/conf/__init__.py:289
  /home/ange/.local/lib/python3.13/site-packages/django/conf/__init__.py:289: RemovedInDjango51Warning: The STATICFILES_STORAGE setting is deprecated. Use STORAGES instead.
    warnings.warn(STATICFILES_STORAGE_DEPRECATED_MSG, RemovedInDjango51Warning)

../../../.local/lib/python3.13/site-packages/_pytest/cacheprovider.py:475
  /home/ange/.local/lib/python3.13/site-packages/_pytest/cacheprovider.py:475: PytestCacheWarning: cache could not write path /home/ange/Projects/portable-inventory/backend/.pytest_cache/v/cache/nodeids: [Errno 13] Permission denied: '/home/ange/Projects/portable-inventory/backend/.pytest_cache/v/cache/nodeids'
    config.cache.set("cache/nodeids", sorted(self.cached_nodeids))

../../../.local/lib/python3.13/site-packages/_pytest/cacheprovider.py:429
  /home/ange/.local/lib/python3.13/site-packages/_pytest/cacheprovider.py:429: PytestCacheWarning: cache could not write path /home/ange/Projects/portable-inventory/backend/.pytest_cache/v/cache/lastfailed: [Errno 13] Permission denied: '/home/ange/Projects/portable-inventory/backend/.pytest_cache/v/cache/lastfailed'
    config.cache.set("cache/lastfailed", self.lastfailed)

-- Docs: https://docs.pytest.org/en/stable/how-to/capture-warnings.html
=========================== short test summary info ============================
FAILED inventory/tests/test_widget_fixes.py::TestProductWidgetViewSet::test_list_location_filtering
FAILED inventory/tests/test_widget_fixes.py::TestProductWidgetViewSet::test_list_location_filtering_zero_stock
FAILED inventory/tests/test_widget_fixes.py::TestProductWidgetViewSet::test_transaction_serialized_fifo_fallback
FAILED inventory/tests/test_widget_fixes.py::TestProductWidgetViewSet::test_transaction_serialized_logic
=================== 4 failed, 1 passed, 3 warnings in 0.55s ====================
